C:\Users\BBPF0490\Google Drive\notes\Projetos Java\JSTemplate\src\com\helliu\jstemplate\parts\JSTemplatePartConverter.java
C:\Users\BBPF0490\Google Drive\notes\Projetos Java\JSTemplate\src\com\helliu\jstemplate\commandline\JSTemplateCommandLine.java
C:\Users\BBPF0490\Google Drive\notes\Projetos Java\JSTemplate\src\com\helliu\jstemplate\JSTemplateException.java
C:\Users\BBPF0490\Google Drive\notes\Projetos Java\JSTemplate\src\com\helliu\jstemplate\commandline\JSTemplateInputArgs.java
C:\Users\BBPF0490\Google Drive\notes\Projetos Java\JSTemplate\src\com\helliu\jstemplate\JSTemplate.java
C:\Users\BBPF0490\Google Drive\notes\Projetos Java\JSTemplate\src\com\helliu\jstemplate\JSTemplateResult.java
C:\Users\BBPF0490\Google Drive\notes\Projetos Java\JSTemplate\src\com\helliu\jstemplate\parts\JSTemplatePart.java
C:\Users\BBPF0490\Google Drive\notes\Projetos Java\JSTemplate\src\com\helliu\jstemplate\parts\JSTemplatePartType.java
C:\Users\BBPF0490\Google Drive\notes\Projetos Java\JSTemplate\src\com\helliu\jstemplate\commandline\JSTemplateInvalidInputArgsException.java
